main.c:95:6:RTC_Alarm_Config	16	static
main.c:108:6:update_time	16	static
main.c:117:6:get_time	24	static
main.c:147:10:ADC_Get_Value	16	static
main.c:162:6:delay	16	static
main.c:178:6:Set_Pin_Output	32	static
main.c:187:6:Set_Pin_Input	32	static
main.c:199:9:DS18B20_Start	16	static
main.c:217:6:DS18B20_Write	24	static
main.c:249:9:DS18B20_Read	16	static
main.c:277:5:main	16	static
main.c:377:6:SystemClock_Config	88	static
main.c:425:13:MX_ADC1_Init	24	static
main.c:470:13:MX_ADC2_Init	24	static
main.c:515:13:MX_RTC_Init	16	static
main.c:572:13:MX_TIM4_Init	40	static
main.c:618:13:MX_USART3_UART_Init	8	static
main.c:651:13:MX_GPIO_Init	40	static
main.c:700:6:Error_Handler	4	static
