main.c:97:6:get_time	24	static
main.c:121:10:ADC_Get_Value	16	static
main.c:136:6:delay	16	static
main.c:152:6:Set_Pin_Output	32	static
main.c:161:6:Set_Pin_Input	32	static
main.c:173:9:DS18B20_Start	16	static
main.c:191:6:DS18B20_Write	24	static
main.c:223:9:DS18B20_Read	16	static
main.c:251:5:main	16	static
main.c:345:6:SystemClock_Config	88	static
main.c:393:13:MX_ADC1_Init	24	static
main.c:438:13:MX_ADC2_Init	24	static
main.c:483:13:MX_RTC_Init	16	static
main.c:540:13:MX_TIM4_Init	40	static
main.c:586:13:MX_USART3_UART_Init	8	static
main.c:619:13:MX_GPIO_Init	40	static
main.c:668:6:Error_Handler	4	static
